1>
2>
(50,0.00)
3>
--(7,0.00)
-(6,0.00)
--(5,0.00)
(4,0.00)
--(3,0.00)
-(2,0.00)
--(1,0.00)
4>
---(80,1.00)
--(70,1.00)
-(60,1.00)
--(50,1.00)
(40,1.00)
--(30,1.00)
-(20,1.00)
--(10,1.00)
5>
6>
---(65,0.00)
--(60,0.00)
---(55,0.00)
-(50,0.00)
---(45,0.00)
--(40,0.00)
(35,0.00)
---(30,0.00)
--(25,0.00)
---(20,0.00)
-(15,0.00)
---(10,0.00)
--(5,0.00)
7>Fin.
