1>Se insertó (50,0.00) en el abb.
2>Se insertó (30,0.00) en el abb.
3>Se insertó (45,0.00) en el abb.
4>Se insertó (40,0.00) en el abb.
5>Se insertó (70,0.00) en el abb.
6>Se insertó (60,0.00) en el abb.
7>Se insertó (65,0.00) en el abb.
8>
9>
10>
-(70,0.00)
---(65,0.00)
--(60,0.00)
(50,0.00)
--(45,0.00)
---(40,0.00)
-(30,0.00)
11>
12>
13>
--(70,0.00)
-(65,0.00)
--(60,0.00)
(50,0.00)
--(45,0.00)
-(40,0.00)
--(30,0.00)
14>
15>
16>
--(70,0.00)
-(65,0.00)
--(60,0.00)
(50,0.00)
--(45,0.00)
-(40,0.00)
--(30,0.00)
17>
18>
---(70,0.00)
--(65,0.00)
---(60,0.00)
-(50,0.00)
--(45,0.00)
(40,0.00)
-(30,0.00)
19>
20>
--(70,0.00)
-(65,0.00)
--(60,0.00)
(50,0.00)
--(45,0.00)
-(40,0.00)
--(30,0.00)
21>Fin.
