1>
2>
3>Se insertó (6,0.00) al final de la cadena.
4>
5>(6,0.00)
6>
7>
8>Se insertó (4,0.00) al final de la cadena.
9>Se insertó (5,0.00) al final de la cadena.
10>
11>(5,0.00)(6,0.00)
12>Fin.
