1>20 no está en el abb.
2>
3>El abb es vacío.
4>
5>
6>
(20,20.00)
7>El abb es perfecto.
8>
9>Insertando palas.
10>
11>Fin.
