1>Se insertó (20,20.00) en el abb.
2>La raíz del abb es: (20,20.00)
3>El abb no tiene hijo izquierdo.
4>El abb no tiene hijo derecho.
5>El menor en el abb es: (20,20.00)
6>El mayor en el abb es: (20,20.00)
7>(20,20.00)
8>(20,20.00)
9>El abb NO es vacío.
10>
(20,20.00)
11>
(20,20.00)
12>
(25,25.00)
13>El abb es perfecto.
14>
15>
(20,20.00)
16>20 
La posición actual NO está definida.
17>Se removió 20 del abb.
18>El abb es vacío.
19>Insertando palas.
20>
palas
21>Fin.
