1>Insertando mas.
2>
palabras no contiene pa.
3>
mas
4>Insertando otras.
5>Insertando palas.
6>Insertando palabra.
7>Insertando palabra.
8>
9>
mas
otras
palabra
palas
10>Fin.
